// Jest Snapshot v1, https://goo.gl/fbAQLP

exports[`Test <FullScreenButton /> Component should render snapshot 1`] = `
<DocumentFragment>
  <div
    class="fullscreen"
  >
    <button
      class="fullscreen__button button"
      data-testid="button"
      tabindex="0"
      type="button"
    >
      Click to enable full screen
    </button>
  </div>
</DocumentFragment>
`;
